---
source: tests/format.rs
expression: output
input_file: tests/inputs/turn-name-into-self.stdin
snapshot_kind: text
---
use {mycrate::{foo::{Bar, self}}};




struct Baz;


use {mycrate::{foo, foo::{Bar}}};
